<?xml version="1.0" encoding="ISO-8859-1" ?>
<link_info>
   <banner>TMS320C2000 Linker PC v18.12.2.LTS</banner>
   <copyright>Copyright (c) 1996-2018 Texas Instruments Incorporated</copyright>
   <link_time>0x5fd83030</link_time>
   <link_errors>0x0</link_errors>
   <output_file>Lab6.out</output_file>
   <entry_point>
      <name>_c_int00</name>
      <address>0xa5d5</address>
   </entry_point>
   <input_file_list>
      <input_file id="fl-2">
         <path>.\</path>
         <kind>object</kind>
         <file>AIC23.obj</file>
         <name>AIC23.obj</name>
      </input_file>
      <input_file id="fl-3">
         <path>.\</path>
         <kind>object</kind>
         <file>CFFT_f32.obj</file>
         <name>CFFT_f32.obj</name>
      </input_file>
      <input_file id="fl-4">
         <path>.\</path>
         <kind>object</kind>
         <file>CFFT_f32_mag.obj</file>
         <name>CFFT_f32_mag.obj</name>
      </input_file>
      <input_file id="fl-5">
         <path>.\</path>
         <kind>object</kind>
         <file>CFFT_f32_phase.obj</file>
         <name>CFFT_f32_phase.obj</name>
      </input_file>
      <input_file id="fl-6">
         <path>.\</path>
         <kind>object</kind>
         <file>CFFT_f32_sincostable.obj</file>
         <name>CFFT_f32_sincostable.obj</name>
      </input_file>
      <input_file id="fl-7">
         <path>.\</path>
         <kind>object</kind>
         <file>Final.obj</file>
         <name>Final.obj</name>
      </input_file>
      <input_file id="fl-8">
         <path>.\</path>
         <kind>object</kind>
         <file>ICFFT_f32.obj</file>
         <name>ICFFT_f32.obj</name>
      </input_file>
      <input_file id="fl-9">
         <path>.\</path>
         <kind>object</kind>
         <file>Mcbsp.obj</file>
         <name>Mcbsp.obj</name>
      </input_file>
      <input_file id="fl-a">
         <path>.\</path>
         <kind>object</kind>
         <file>SPIA.obj</file>
         <name>SPIA.obj</name>
      </input_file>
      <input_file id="fl-b">
         <path>.\</path>
         <kind>object</kind>
         <file>myAdc.obj</file>
         <name>myAdc.obj</name>
      </input_file>
      <input_file id="fl-c">
         <path>.\Common\</path>
         <kind>object</kind>
         <file>F2837xD_CodeStartBranch.obj</file>
         <name>F2837xD_CodeStartBranch.obj</name>
      </input_file>
      <input_file id="fl-d">
         <path>.\Common\</path>
         <kind>object</kind>
         <file>F2837xD_CpuTimers.obj</file>
         <name>F2837xD_CpuTimers.obj</name>
      </input_file>
      <input_file id="fl-e">
         <path>.\Common\</path>
         <kind>object</kind>
         <file>F2837xD_DBGIER.obj</file>
         <name>F2837xD_DBGIER.obj</name>
      </input_file>
      <input_file id="fl-f">
         <path>.\Common\</path>
         <kind>object</kind>
         <file>F2837xD_DefaultISR.obj</file>
         <name>F2837xD_DefaultISR.obj</name>
      </input_file>
      <input_file id="fl-10">
         <path>.\Common\</path>
         <kind>object</kind>
         <file>F2837xD_Dma.obj</file>
         <name>F2837xD_Dma.obj</name>
      </input_file>
      <input_file id="fl-11">
         <path>.\Common\</path>
         <kind>object</kind>
         <file>F2837xD_ECap.obj</file>
         <name>F2837xD_ECap.obj</name>
      </input_file>
      <input_file id="fl-12">
         <path>.\Common\</path>
         <kind>object</kind>
         <file>F2837xD_EPwm.obj</file>
         <name>F2837xD_EPwm.obj</name>
      </input_file>
      <input_file id="fl-13">
         <path>.\Common\</path>
         <kind>object</kind>
         <file>F2837xD_EQep.obj</file>
         <name>F2837xD_EQep.obj</name>
      </input_file>
      <input_file id="fl-14">
         <path>.\Common\</path>
         <kind>object</kind>
         <file>F2837xD_Emif.obj</file>
         <name>F2837xD_Emif.obj</name>
      </input_file>
      <input_file id="fl-15">
         <path>.\Common\</path>
         <kind>object</kind>
         <file>F2837xD_Gpio.obj</file>
         <name>F2837xD_Gpio.obj</name>
      </input_file>
      <input_file id="fl-16">
         <path>.\Common\</path>
         <kind>object</kind>
         <file>F2837xD_I2C.obj</file>
         <name>F2837xD_I2C.obj</name>
      </input_file>
      <input_file id="fl-17">
         <path>.\Common\</path>
         <kind>object</kind>
         <file>F2837xD_Ipc.obj</file>
         <name>F2837xD_Ipc.obj</name>
      </input_file>
      <input_file id="fl-18">
         <path>.\Common\</path>
         <kind>object</kind>
         <file>F2837xD_Ipc_Driver.obj</file>
         <name>F2837xD_Ipc_Driver.obj</name>
      </input_file>
      <input_file id="fl-19">
         <path>.\Common\</path>
         <kind>object</kind>
         <file>F2837xD_Ipc_Driver_Lite.obj</file>
         <name>F2837xD_Ipc_Driver_Lite.obj</name>
      </input_file>
      <input_file id="fl-1a">
         <path>.\Common\</path>
         <kind>object</kind>
         <file>F2837xD_Ipc_Driver_Util.obj</file>
         <name>F2837xD_Ipc_Driver_Util.obj</name>
      </input_file>
      <input_file id="fl-1b">
         <path>.\Common\</path>
         <kind>object</kind>
         <file>F2837xD_Mcbsp.obj</file>
         <name>F2837xD_Mcbsp.obj</name>
      </input_file>
      <input_file id="fl-1c">
         <path>.\Common\</path>
         <kind>object</kind>
         <file>F2837xD_PieCtrl.obj</file>
         <name>F2837xD_PieCtrl.obj</name>
      </input_file>
      <input_file id="fl-1d">
         <path>.\Common\</path>
         <kind>object</kind>
         <file>F2837xD_PieVect.obj</file>
         <name>F2837xD_PieVect.obj</name>
      </input_file>
      <input_file id="fl-1e">
         <path>.\Common\</path>
         <kind>object</kind>
         <file>F2837xD_Sci.obj</file>
         <name>F2837xD_Sci.obj</name>
      </input_file>
      <input_file id="fl-1f">
         <path>.\Common\</path>
         <kind>object</kind>
         <file>F2837xD_Spi.obj</file>
         <name>F2837xD_Spi.obj</name>
      </input_file>
      <input_file id="fl-20">
         <path>.\Common\</path>
         <kind>object</kind>
         <file>F2837xD_SysCtrl.obj</file>
         <name>F2837xD_SysCtrl.obj</name>
      </input_file>
      <input_file id="fl-21">
         <path>.\Common\</path>
         <kind>object</kind>
         <file>F2837xD_TempSensorConv.obj</file>
         <name>F2837xD_TempSensorConv.obj</name>
      </input_file>
      <input_file id="fl-22">
         <path>.\Common\</path>
         <kind>object</kind>
         <file>F2837xD_Upp.obj</file>
         <name>F2837xD_Upp.obj</name>
      </input_file>
      <input_file id="fl-23">
         <path>.\Common\</path>
         <kind>object</kind>
         <file>F2837xD_can.obj</file>
         <name>F2837xD_can.obj</name>
      </input_file>
      <input_file id="fl-24">
         <path>.\Common\</path>
         <kind>object</kind>
         <file>F2837xD_sci_io.obj</file>
         <name>F2837xD_sci_io.obj</name>
      </input_file>
      <input_file id="fl-25">
         <path>.\Common\</path>
         <kind>object</kind>
         <file>F2837xD_sdfm_drivers.obj</file>
         <name>F2837xD_sdfm_drivers.obj</name>
      </input_file>
      <input_file id="fl-26">
         <path>.\Common\</path>
         <kind>object</kind>
         <file>F2837xD_struct.obj</file>
         <name>F2837xD_struct.obj</name>
      </input_file>
      <input_file id="fl-27">
         <path>.\Common\</path>
         <kind>object</kind>
         <file>F2837xD_usDelay.obj</file>
         <name>F2837xD_usDelay.obj</name>
      </input_file>
      <input_file id="fl-28">
         <path>.\Header\</path>
         <kind>object</kind>
         <file>F2837xD_GlobalVariableDefs.obj</file>
         <name>F2837xD_GlobalVariableDefs.obj</name>
      </input_file>
      <input_file id="fl-29">
         <path>.\driverlib\</path>
         <kind>object</kind>
         <file>adc.obj</file>
         <name>adc.obj</name>
      </input_file>
      <input_file id="fl-2a">
         <path>.\driverlib\</path>
         <kind>object</kind>
         <file>cputimer.obj</file>
         <name>cputimer.obj</name>
      </input_file>
      <input_file id="fl-2b">
         <path>.\driverlib\</path>
         <kind>object</kind>
         <file>interrupt.obj</file>
         <name>interrupt.obj</name>
      </input_file>
      <input_file id="fl-30">
         <kind>object</kind>
         <file>&lt;internal&gt;</file>
         <name>&lt;internal&gt;</name>
      </input_file>
      <input_file id="fl-3c">
         <path>D:\CCS\ccs\tools\compiler\ti-cgt-c2000_18.12.2.LTS\lib\</path>
         <kind>archive</kind>
         <file>rts2800_fpu32.lib</file>
         <name>e_atan2f.c.obj</name>
      </input_file>
      <input_file id="fl-3d">
         <path>D:\CCS\ccs\tools\compiler\ti-cgt-c2000_18.12.2.LTS\lib\</path>
         <kind>archive</kind>
         <file>rts2800_fpu32.lib</file>
         <name>e_powf.c.obj</name>
      </input_file>
      <input_file id="fl-3e">
         <path>D:\CCS\ccs\tools\compiler\ti-cgt-c2000_18.12.2.LTS\lib\</path>
         <kind>archive</kind>
         <file>rts2800_fpu32.lib</file>
         <name>e_sqrtf.c.obj</name>
      </input_file>
      <input_file id="fl-3f">
         <path>D:\CCS\ccs\tools\compiler\ti-cgt-c2000_18.12.2.LTS\lib\</path>
         <kind>archive</kind>
         <file>rts2800_fpu32.lib</file>
         <name>s_atanf.c.obj</name>
      </input_file>
      <input_file id="fl-40">
         <path>D:\CCS\ccs\tools\compiler\ti-cgt-c2000_18.12.2.LTS\lib\</path>
         <kind>archive</kind>
         <file>rts2800_fpu32.lib</file>
         <name>s_roundf.c.obj</name>
      </input_file>
      <input_file id="fl-41">
         <path>D:\CCS\ccs\tools\compiler\ti-cgt-c2000_18.12.2.LTS\lib\</path>
         <kind>archive</kind>
         <file>rts2800_fpu32.lib</file>
         <name>s_scalbnf.c.obj</name>
      </input_file>
      <input_file id="fl-42">
         <path>D:\CCS\ccs\tools\compiler\ti-cgt-c2000_18.12.2.LTS\lib\</path>
         <kind>archive</kind>
         <file>rts2800_fpu32.lib</file>
         <name>s_sinf.c.obj</name>
      </input_file>
      <input_file id="fl-43">
         <path>D:\CCS\ccs\tools\compiler\ti-cgt-c2000_18.12.2.LTS\lib\</path>
         <kind>archive</kind>
         <file>rts2800_fpu32.lib</file>
         <name>s_copysignf.c.obj</name>
      </input_file>
      <input_file id="fl-44">
         <path>D:\CCS\ccs\tools\compiler\ti-cgt-c2000_18.12.2.LTS\lib\</path>
         <kind>archive</kind>
         <file>rts2800_fpu32.lib</file>
         <name>boot28.asm.obj</name>
      </input_file>
      <input_file id="fl-45">
         <path>D:\CCS\ccs\tools\compiler\ti-cgt-c2000_18.12.2.LTS\lib\</path>
         <kind>archive</kind>
         <file>rts2800_fpu32.lib</file>
         <name>fs_div28.asm.obj</name>
      </input_file>
      <input_file id="fl-46">
         <path>D:\CCS\ccs\tools\compiler\ti-cgt-c2000_18.12.2.LTS\lib\</path>
         <kind>archive</kind>
         <file>rts2800_fpu32.lib</file>
         <name>ll_aox28.asm.obj</name>
      </input_file>
      <input_file id="fl-47">
         <path>D:\CCS\ccs\tools\compiler\ti-cgt-c2000_18.12.2.LTS\lib\</path>
         <kind>archive</kind>
         <file>rts2800_fpu32.lib</file>
         <name>cpy_tbl.c.obj</name>
      </input_file>
      <input_file id="fl-48">
         <path>D:\CCS\ccs\tools\compiler\ti-cgt-c2000_18.12.2.LTS\lib\</path>
         <kind>archive</kind>
         <file>rts2800_fpu32.lib</file>
         <name>memcpy.c.obj</name>
      </input_file>
      <input_file id="fl-49">
         <path>D:\CCS\ccs\tools\compiler\ti-cgt-c2000_18.12.2.LTS\lib\</path>
         <kind>archive</kind>
         <file>rts2800_fpu32.lib</file>
         <name>pre_init.c.obj</name>
      </input_file>
      <input_file id="fl-4a">
         <path>D:\CCS\ccs\tools\compiler\ti-cgt-c2000_18.12.2.LTS\lib\</path>
         <kind>archive</kind>
         <file>rts2800_fpu32.lib</file>
         <name>startup.c.obj</name>
      </input_file>
      <input_file id="fl-4b">
         <path>D:\CCS\ccs\tools\compiler\ti-cgt-c2000_18.12.2.LTS\lib\</path>
         <kind>archive</kind>
         <file>rts2800_fpu32.lib</file>
         <name>exit.c.obj</name>
      </input_file>
      <input_file id="fl-4c">
         <path>D:\CCS\ccs\tools\compiler\ti-cgt-c2000_18.12.2.LTS\lib\</path>
         <kind>archive</kind>
         <file>rts2800_fpu32.lib</file>
         <name>_lock.c.obj</name>
      </input_file>
      <input_file id="fl-4d">
         <path>D:\CCS\ccs\tools\compiler\ti-cgt-c2000_18.12.2.LTS\lib\</path>
         <kind>archive</kind>
         <file>rts2800_fpu32.lib</file>
         <name>args_main.c.obj</name>
      </input_file>
      <input_file id="fl-4e">
         <path>D:\CCS\ccs\tools\compiler\ti-cgt-c2000_18.12.2.LTS\lib\</path>
         <kind>archive</kind>
         <file>rts2800_fpu32.lib</file>
         <name>memory.c.obj</name>
      </input_file>
      <input_file id="fl-4f">
         <path>D:\CCS\ccs\tools\compiler\ti-cgt-c2000_18.12.2.LTS\lib\</path>
         <kind>archive</kind>
         <file>rts2800_fpu32.lib</file>
         <name>memset.c.obj</name>
      </input_file>
      <input_file id="fl-50">
         <path>D:\CCS\ccs\tools\compiler\ti-cgt-c2000_18.12.2.LTS\lib\</path>
         <kind>archive</kind>
         <file>rts2800_fpu32.lib</file>
         <name>errno.c.obj</name>
      </input_file>
      <input_file id="fl-51">
         <path>D:\CCS\ccs\tools\compiler\ti-cgt-c2000_18.12.2.LTS\lib\</path>
         <kind>archive</kind>
         <file>rts2800_fpu32.lib</file>
         <name>s_floorf.c.obj</name>
      </input_file>
   </input_file_list>
   <object_component_list>
      <object_component id="oc-d8">
         <name>codestart</name>
         <load_address>0x0</load_address>
         <run_address>0x0</run_address>
         <size>0x2</size>
         <input_file_ref idref="fl-c"/>
      </object_component>
      <object_component id="oc-e9">
         <name>.text:retain</name>
         <load_address>0x8000</load_address>
         <run_address>0x8000</run_address>
         <size>0x585</size>
         <input_file_ref idref="fl-f"/>
      </object_component>
      <object_component id="oc-289">
         <name>.text</name>
         <load_address>0x8585</load_address>
         <run_address>0x8585</run_address>
         <size>0x266</size>
         <input_file_ref idref="fl-4e"/>
      </object_component>
      <object_component id="oc-281">
         <name>.text</name>
         <load_address>0x87eb</load_address>
         <run_address>0x87eb</run_address>
         <size>0x9</size>
         <input_file_ref idref="fl-4c"/>
      </object_component>
      <object_component id="oc-293">
         <name>.text</name>
         <load_address>0x87f4</load_address>
         <run_address>0x87f4</run_address>
         <size>0x7</size>
         <input_file_ref idref="fl-4f"/>
      </object_component>
      <object_component id="oc-e3">
         <name>.text</name>
         <load_address>0x87fb</load_address>
         <run_address>0x87fb</run_address>
         <size>0x3</size>
         <input_file_ref idref="fl-e"/>
      </object_component>
      <object_component id="oc-25d">
         <name>.text</name>
         <load_address>0x87fe</load_address>
         <run_address>0x87fe</run_address>
         <size>0x2</size>
         <input_file_ref idref="fl-49"/>
      </object_component>
      <object_component id="oc-274">
         <name>.text</name>
         <load_address>0x8800</load_address>
         <run_address>0x8800</run_address>
         <size>0x48f</size>
         <input_file_ref idref="fl-20"/>
      </object_component>
      <object_component id="oc-288">
         <name>.text</name>
         <load_address>0x8c8f</load_address>
         <run_address>0x8c8f</run_address>
         <size>0x369</size>
         <input_file_ref idref="fl-3d"/>
      </object_component>
      <object_component id="oc-25f">
         <name>.text</name>
         <load_address>0x8ff8</load_address>
         <run_address>0x8ff8</run_address>
         <size>0x1</size>
         <input_file_ref idref="fl-4a"/>
      </object_component>
      <object_component id="oc-264">
         <name>.text</name>
         <load_address>0x9000</load_address>
         <run_address>0x9000</run_address>
         <size>0x404</size>
         <input_file_ref idref="fl-10"/>
      </object_component>
      <object_component id="oc-286">
         <name>.text</name>
         <load_address>0x9404</load_address>
         <run_address>0x9404</run_address>
         <size>0x244</size>
         <input_file_ref idref="fl-15"/>
      </object_component>
      <object_component id="oc-275">
         <name>.text</name>
         <load_address>0x9648</load_address>
         <run_address>0x9648</run_address>
         <size>0x187</size>
         <input_file_ref idref="fl-2b"/>
      </object_component>
      <object_component id="oc-261">
         <name>.text</name>
         <load_address>0x97cf</load_address>
         <run_address>0x97cf</run_address>
         <size>0x29</size>
         <input_file_ref idref="fl-4b"/>
      </object_component>
      <object_component id="oc-be">
         <name>.text:retain</name>
         <load_address>0x9800</load_address>
         <run_address>0x9800</run_address>
         <size>0x231</size>
         <input_file_ref idref="fl-7"/>
      </object_component>
      <object_component id="oc-27a">
         <name>.text</name>
         <load_address>0x9a31</load_address>
         <run_address>0x9a31</run_address>
         <size>0x203</size>
         <input_file_ref idref="fl-2"/>
      </object_component>
      <object_component id="oc-c3">
         <name>.text</name>
         <load_address>0x9c34</load_address>
         <run_address>0x9c34</run_address>
         <size>0x179</size>
         <input_file_ref idref="fl-8"/>
      </object_component>
      <object_component id="oc-277">
         <name>.text</name>
         <load_address>0x9dad</load_address>
         <run_address>0x9dad</run_address>
         <size>0x169</size>
         <input_file_ref idref="fl-b"/>
      </object_component>
      <object_component id="oc-262">
         <name>.text</name>
         <load_address>0x9f16</load_address>
         <run_address>0x9f16</run_address>
         <size>0xd2</size>
         <input_file_ref idref="fl-3c"/>
      </object_component>
      <object_component id="oc-21c">
         <name>.text</name>
         <load_address>0x9fe8</load_address>
         <run_address>0x9fe8</run_address>
         <size>0x18</size>
         <input_file_ref idref="fl-46"/>
      </object_component>
      <object_component id="oc-95">
         <name>.text</name>
         <load_address>0xa000</load_address>
         <run_address>0xa000</run_address>
         <size>0x13d</size>
         <input_file_ref idref="fl-3"/>
      </object_component>
      <object_component id="oc-287">
         <name>.text</name>
         <load_address>0xa13d</load_address>
         <run_address>0xa13d</run_address>
         <size>0xcc</size>
         <input_file_ref idref="fl-29"/>
      </object_component>
      <object_component id="oc-273">
         <name>.text</name>
         <load_address>0xa209</load_address>
         <run_address>0xa209</run_address>
         <size>0xca</size>
         <input_file_ref idref="fl-3f"/>
      </object_component>
      <object_component id="oc-278">
         <name>.text</name>
         <load_address>0xa2d3</load_address>
         <run_address>0xa2d3</run_address>
         <size>0x95</size>
         <input_file_ref idref="fl-9"/>
      </object_component>
      <object_component id="oc-217">
         <name>.text</name>
         <load_address>0xa368</load_address>
         <run_address>0xa368</run_address>
         <size>0x88</size>
         <input_file_ref idref="fl-45"/>
      </object_component>
      <object_component id="oc-276">
         <name>.text</name>
         <load_address>0xa3f0</load_address>
         <run_address>0xa3f0</run_address>
         <size>0x7c</size>
         <input_file_ref idref="fl-d"/>
      </object_component>
      <object_component id="oc-9b">
         <name>.text</name>
         <load_address>0xa46c</load_address>
         <run_address>0xa46c</run_address>
         <size>0x5f</size>
         <input_file_ref idref="fl-4"/>
      </object_component>
      <object_component id="oc-28c">
         <name>.text</name>
         <load_address>0xa4cb</load_address>
         <run_address>0xa4cb</run_address>
         <size>0x59</size>
         <input_file_ref idref="fl-51"/>
      </object_component>
      <object_component id="oc-28b">
         <name>.text</name>
         <load_address>0xa524</load_address>
         <run_address>0xa524</run_address>
         <size>0x59</size>
         <input_file_ref idref="fl-42"/>
      </object_component>
      <object_component id="oc-292">
         <name>.text</name>
         <load_address>0xa57d</load_address>
         <run_address>0xa57d</run_address>
         <size>0x58</size>
         <input_file_ref idref="fl-41"/>
      </object_component>
      <object_component id="oc-8f">
         <name>.text</name>
         <load_address>0xa5d5</load_address>
         <run_address>0xa5d5</run_address>
         <size>0x56</size>
         <input_file_ref idref="fl-44"/>
      </object_component>
      <object_component id="oc-279">
         <name>.text</name>
         <load_address>0xa62b</load_address>
         <run_address>0xa62b</run_address>
         <size>0x46</size>
         <input_file_ref idref="fl-a"/>
      </object_component>
      <object_component id="oc-27c">
         <name>.text</name>
         <load_address>0xa671</load_address>
         <run_address>0xa671</run_address>
         <size>0x44</size>
         <input_file_ref idref="fl-6"/>
      </object_component>
      <object_component id="oc-27f">
         <name>.text</name>
         <load_address>0xa6b5</load_address>
         <run_address>0xa6b5</run_address>
         <size>0x39</size>
         <input_file_ref idref="fl-40"/>
      </object_component>
      <object_component id="oc-28e">
         <name>.text</name>
         <load_address>0xa6ee</load_address>
         <run_address>0xa6ee</run_address>
         <size>0x27</size>
         <input_file_ref idref="fl-3e"/>
      </object_component>
      <object_component id="oc-25e">
         <name>.text</name>
         <load_address>0xa715</load_address>
         <run_address>0xa715</run_address>
         <size>0x24</size>
         <input_file_ref idref="fl-47"/>
      </object_component>
      <object_component id="oc-270">
         <name>.text</name>
         <load_address>0xa739</load_address>
         <run_address>0xa739</run_address>
         <size>0x1d</size>
         <input_file_ref idref="fl-48"/>
      </object_component>
      <object_component id="oc-260">
         <name>.text</name>
         <load_address>0xa756</load_address>
         <run_address>0xa756</run_address>
         <size>0x19</size>
         <input_file_ref idref="fl-4d"/>
      </object_component>
      <object_component id="oc-a0">
         <name>.text</name>
         <load_address>0xa76f</load_address>
         <run_address>0xa76f</run_address>
         <size>0x17</size>
         <input_file_ref idref="fl-5"/>
      </object_component>
      <object_component id="oc-265">
         <name>.text</name>
         <load_address>0xb000</load_address>
         <run_address>0xb000</run_address>
         <size>0x637</size>
         <input_file_ref idref="fl-7"/>
      </object_component>
      <object_component id="oc-28a">
         <name>.text</name>
         <load_address>0xb637</load_address>
         <run_address>0xb637</run_address>
         <size>0x1b8</size>
         <input_file_ref idref="fl-1b"/>
      </object_component>
      <object_component id="oc-294">
         <name>.text</name>
         <load_address>0xb7ef</load_address>
         <run_address>0xb7ef</run_address>
         <size>0x11</size>
         <input_file_ref idref="fl-43"/>
      </object_component>
      <object_component id="oc-27e">
         <name>.cinit:_dph</name>
         <load_address>0xd400</load_address>
         <run_address>0xd400</run_address>
         <size>0x205</size>
         <input_file_ref idref="fl-7"/>
      </object_component>
      <object_component id="oc-ab">
         <name>.cinit</name>
         <load_address>0xd605</load_address>
         <run_address>0xd605</run_address>
         <size>0x7f</size>
         <input_file_ref idref="fl-7"/>
      </object_component>
      <object_component id="oc-199">
         <name>.cinit:_TRIP_SEL</name>
         <load_address>0xd684</load_address>
         <run_address>0xd684</run_address>
         <size>0x21</size>
         <input_file_ref idref="fl-26"/>
      </object_component>
      <object_component id="oc-1c3">
         <name>.cinit:_EPWM</name>
         <load_address>0xd6a5</load_address>
         <run_address>0xd6a5</run_address>
         <size>0x1d</size>
         <input_file_ref idref="fl-26"/>
      </object_component>
      <object_component id="oc-b6">
         <name>.cinit:_outBufs</name>
         <load_address>0xd6c2</load_address>
         <run_address>0xd6c2</run_address>
         <size>0x13</size>
         <input_file_ref idref="fl-7"/>
      </object_component>
      <object_component id="oc-192">
         <name>.cinit:_ECAP</name>
         <load_address>0xd6d5</load_address>
         <run_address>0xd6d5</run_address>
         <size>0x11</size>
         <input_file_ref idref="fl-26"/>
      </object_component>
      <object_component id="oc-236">
         <name>.cinit</name>
         <load_address>0xd6e6</load_address>
         <run_address>0xd6e6</run_address>
         <size>0xe</size>
         <input_file_ref idref="fl-4b"/>
      </object_component>
      <object_component id="oc-1b8">
         <name>.cinit:_ADC</name>
         <load_address>0xd6f4</load_address>
         <run_address>0xd6f4</run_address>
         <size>0xd</size>
         <input_file_ref idref="fl-26"/>
      </object_component>
      <object_component id="oc-19e">
         <name>.cinit:_EQEP</name>
         <load_address>0xd701</load_address>
         <run_address>0xd701</run_address>
         <size>0xb</size>
         <input_file_ref idref="fl-26"/>
      </object_component>
      <object_component id="oc-180">
         <name>.cinit:_SPI</name>
         <load_address>0xd70c</load_address>
         <run_address>0xd70c</run_address>
         <size>0xb</size>
         <input_file_ref idref="fl-26"/>
      </object_component>
      <object_component id="oc-1be">
         <name>.cinit:_SDFM</name>
         <load_address>0xd717</load_address>
         <run_address>0xd717</run_address>
         <size>0x9</size>
         <input_file_ref idref="fl-26"/>
      </object_component>
      <object_component id="oc-1a2">
         <name>.cinit:_I2C</name>
         <load_address>0xd720</load_address>
         <run_address>0xd720</run_address>
         <size>0x7</size>
         <input_file_ref idref="fl-26"/>
      </object_component>
      <object_component id="oc-1a8">
         <name>.cinit:_MCBSP</name>
         <load_address>0xd727</load_address>
         <run_address>0xd727</run_address>
         <size>0x7</size>
         <input_file_ref idref="fl-26"/>
      </object_component>
      <object_component id="oc-17b">
         <name>.cinit:_SCI</name>
         <load_address>0xd72e</load_address>
         <run_address>0xd72e</run_address>
         <size>0x7</size>
         <input_file_ref idref="fl-26"/>
      </object_component>
      <object_component id="oc-272">
         <name>.cinit:__lock</name>
         <load_address>0xd735</load_address>
         <run_address>0xd735</run_address>
         <size>0x5</size>
         <input_file_ref idref="fl-4c"/>
      </object_component>
      <object_component id="oc-282">
         <name>.cinit:__unlock</name>
         <load_address>0xd73a</load_address>
         <run_address>0xd73a</run_address>
         <size>0x5</size>
         <input_file_ref idref="fl-4c"/>
      </object_component>
      <object_component id="oc-157">
         <name>.cinit</name>
         <load_address>0xd73f</load_address>
         <run_address>0xd73f</run_address>
         <size>0x4</size>
         <input_file_ref idref="fl-24"/>
      </object_component>
      <object_component id="oc-254">
         <name>.cinit</name>
         <load_address>0xd743</load_address>
         <run_address>0xd743</run_address>
         <size>0x4</size>
         <input_file_ref idref="fl-50"/>
      </object_component>
      <object_component id="oc-247">
         <name>.cinit</name>
         <load_address>0xd747</load_address>
         <run_address>0xd747</run_address>
         <size>0x4</size>
         <input_file_ref idref="fl-4e"/>
      </object_component>
      <object_component id="oc-212">
         <name>.reset</name>
         <load_address>0x3fffc0</load_address>
         <run_address>0x3fffc0</run_address>
         <size>0x2</size>
         <input_file_ref idref="fl-44"/>
      </object_component>
      <object_component id="oc-211">
         <name>.stack</name>
         <uninitialized>true</uninitialized>
         <run_address>0x400</run_address>
         <size>0x0</size>
         <input_file_ref idref="fl-44"/>
      </object_component>
      <object_component id="oc-329">
         <name>.stack</name>
         <uninitialized>true</uninitialized>
         <run_address>0x400</run_address>
         <size>0x0</size>
      </object_component>
      <object_component id="oc-96">
         <name>.ebss</name>
         <uninitialized>true</uninitialized>
         <run_address>0xc298</run_address>
         <size>0x14</size>
         <input_file_ref idref="fl-3"/>
      </object_component>
      <object_component id="oc-ac">
         <name>.ebss</name>
         <uninitialized>true</uninitialized>
         <run_address>0xc202</run_address>
         <size>0x38</size>
         <input_file_ref idref="fl-7"/>
      </object_component>
      <object_component id="oc-280">
         <name>.ebss:_cols</name>
         <uninitialized>true</uninitialized>
         <run_address>0xc308</run_address>
         <size>0x4</size>
         <input_file_ref idref="fl-7"/>
      </object_component>
      <object_component id="oc-263">
         <name>.ebss:_outBufs</name>
         <uninitialized>true</uninitialized>
         <run_address>0xc2c0</run_address>
         <size>0x10</size>
         <input_file_ref idref="fl-7"/>
      </object_component>
      <object_component id="oc-27d">
         <name>.ebss:_dph</name>
         <uninitialized>true</uninitialized>
         <run_address>0xc000</run_address>
         <size>0x202</size>
         <input_file_ref idref="fl-7"/>
      </object_component>
      <object_component id="oc-c4">
         <name>.ebss</name>
         <uninitialized>true</uninitialized>
         <run_address>0xc2ac</run_address>
         <size>0x14</size>
         <input_file_ref idref="fl-8"/>
      </object_component>
      <object_component id="oc-de">
         <name>.ebss</name>
         <uninitialized>true</uninitialized>
         <run_address>0xc280</run_address>
         <size>0x18</size>
         <input_file_ref idref="fl-d"/>
      </object_component>
      <object_component id="oc-147">
         <name>.ebss</name>
         <uninitialized>true</uninitialized>
         <run_address>0xc23a</run_address>
         <size>0x6</size>
         <input_file_ref idref="fl-21"/>
      </object_component>
      <object_component id="oc-158">
         <name>.ebss</name>
         <uninitialized>true</uninitialized>
         <run_address>0xc314</run_address>
         <size>0x1</size>
         <input_file_ref idref="fl-24"/>
      </object_component>
      <object_component id="oc-26b">
         <name>.ebss:_I2C</name>
         <uninitialized>true</uninitialized>
         <run_address>0xc2fc</run_address>
         <size>0x4</size>
         <input_file_ref idref="fl-26"/>
      </object_component>
      <object_component id="oc-26c">
         <name>.ebss:_MCBSP</name>
         <uninitialized>true</uninitialized>
         <run_address>0xc300</run_address>
         <size>0x4</size>
         <input_file_ref idref="fl-26"/>
      </object_component>
      <object_component id="oc-266">
         <name>.ebss:_SCI</name>
         <uninitialized>true</uninitialized>
         <run_address>0xc304</run_address>
         <size>0x4</size>
         <input_file_ref idref="fl-26"/>
      </object_component>
      <object_component id="oc-26e">
         <name>.ebss:_SDFM</name>
         <uninitialized>true</uninitialized>
         <run_address>0xc2f0</run_address>
         <size>0x6</size>
         <input_file_ref idref="fl-26"/>
      </object_component>
      <object_component id="oc-26a">
         <name>.ebss:_EQEP</name>
         <uninitialized>true</uninitialized>
         <run_address>0xc278</run_address>
         <size>0x8</size>
         <input_file_ref idref="fl-26"/>
      </object_component>
      <object_component id="oc-267">
         <name>.ebss:_SPI</name>
         <uninitialized>true</uninitialized>
         <run_address>0xc2e8</run_address>
         <size>0x8</size>
         <input_file_ref idref="fl-26"/>
      </object_component>
      <object_component id="oc-26d">
         <name>.ebss:_ADC</name>
         <uninitialized>true</uninitialized>
         <run_address>0xc2de</run_address>
         <size>0xa</size>
         <input_file_ref idref="fl-26"/>
      </object_component>
      <object_component id="oc-268">
         <name>.ebss:_ECAP</name>
         <uninitialized>true</uninitialized>
         <run_address>0xc2d0</run_address>
         <size>0xe</size>
         <input_file_ref idref="fl-26"/>
      </object_component>
      <object_component id="oc-26f">
         <name>.ebss:_EPWM</name>
         <uninitialized>true</uninitialized>
         <run_address>0xc25e</run_address>
         <size>0x1a</size>
         <input_file_ref idref="fl-26"/>
      </object_component>
      <object_component id="oc-269">
         <name>.ebss:_TRIP_SEL</name>
         <uninitialized>true</uninitialized>
         <run_address>0xc240</run_address>
         <size>0x1e</size>
         <input_file_ref idref="fl-26"/>
      </object_component>
      <object_component id="oc-237">
         <name>.ebss</name>
         <uninitialized>true</uninitialized>
         <run_address>0xc2f6</run_address>
         <size>0x6</size>
         <input_file_ref idref="fl-4b"/>
      </object_component>
      <object_component id="oc-271">
         <name>.ebss:__lock</name>
         <uninitialized>true</uninitialized>
         <run_address>0xc310</run_address>
         <size>0x2</size>
         <input_file_ref idref="fl-4c"/>
      </object_component>
      <object_component id="oc-28d">
         <name>.ebss:__unlock</name>
         <uninitialized>true</uninitialized>
         <run_address>0xc312</run_address>
         <size>0x2</size>
         <input_file_ref idref="fl-4c"/>
      </object_component>
      <object_component id="oc-248">
         <name>.ebss</name>
         <uninitialized>true</uninitialized>
         <run_address>0xc30c</run_address>
         <size>0x4</size>
         <input_file_ref idref="fl-4e"/>
      </object_component>
      <object_component id="oc-255">
         <name>.ebss</name>
         <uninitialized>true</uninitialized>
         <run_address>0xc315</run_address>
         <size>0x1</size>
         <input_file_ref idref="fl-50"/>
      </object_component>
      <object_component id="oc-27b">
         <name>.econst:_hann</name>
         <load_address>0xa800</load_address>
         <run_address>0xa800</run_address>
         <size>0x400</size>
         <input_file_ref idref="fl-7"/>
      </object_component>
      <object_component id="oc-1ec">
         <name>.econst</name>
         <load_address>0xac00</load_address>
         <run_address>0xac00</run_address>
         <size>0x32</size>
         <input_file_ref idref="fl-3d"/>
      </object_component>
      <object_component id="oc-1e6">
         <name>.econst</name>
         <load_address>0xac32</load_address>
         <run_address>0xac32</run_address>
         <size>0xc</size>
         <input_file_ref idref="fl-3c"/>
      </object_component>
      <object_component id="oc-285">
         <name>.econst:_aT</name>
         <load_address>0xac3e</load_address>
         <run_address>0xac3e</run_address>
         <size>0xa</size>
         <input_file_ref idref="fl-3f"/>
      </object_component>
      <object_component id="oc-283">
         <name>.econst:_atanhi</name>
         <load_address>0xac48</load_address>
         <run_address>0xac48</run_address>
         <size>0x8</size>
         <input_file_ref idref="fl-3f"/>
      </object_component>
      <object_component id="oc-284">
         <name>.econst:_atanlo</name>
         <load_address>0xac50</load_address>
         <run_address>0xac50</run_address>
         <size>0x8</size>
         <input_file_ref idref="fl-3f"/>
      </object_component>
      <object_component id="oc-202">
         <name>.econst</name>
         <load_address>0xac58</load_address>
         <run_address>0xac58</run_address>
         <size>0x6</size>
         <input_file_ref idref="fl-41"/>
      </object_component>
      <object_component id="oc-28f">
         <name>.econst:_bp</name>
         <load_address>0xac5e</load_address>
         <run_address>0xac5e</run_address>
         <size>0x4</size>
         <input_file_ref idref="fl-3d"/>
      </object_component>
      <object_component id="oc-291">
         <name>.econst:_dp_h</name>
         <load_address>0xac62</load_address>
         <run_address>0xac62</run_address>
         <size>0x4</size>
         <input_file_ref idref="fl-3d"/>
      </object_component>
      <object_component id="oc-290">
         <name>.econst:_dp_l</name>
         <load_address>0xac66</load_address>
         <run_address>0xac66</run_address>
         <size>0x4</size>
         <input_file_ref idref="fl-3d"/>
      </object_component>
      <object_component id="oc-1f7">
         <name>.econst</name>
         <load_address>0xac6a</load_address>
         <run_address>0xac6a</run_address>
         <size>0x4</size>
         <input_file_ref idref="fl-3f"/>
      </object_component>
      <object_component id="oc-258">
         <name>.econst</name>
         <load_address>0xac6e</load_address>
         <run_address>0xac6e</run_address>
         <size>0x2</size>
         <input_file_ref idref="fl-51"/>
      </object_component>
      <object_component id="oc-249">
         <name>.esysmem</name>
         <uninitialized>true</uninitialized>
         <run_address>0xd000</run_address>
         <size>0x4</size>
         <input_file_ref idref="fl-4e"/>
      </object_component>
      <object_component id="oc-32a">
         <name>.esysmem</name>
         <uninitialized>true</uninitialized>
         <run_address>0xd000</run_address>
         <size>0x0</size>
      </object_component>
      <object_component id="oc-164">
         <name>.TI.ramfunc</name>
         <load_address>0x122</load_address>
         <run_address>0x122</run_address>
         <size>0x4</size>
         <input_file_ref idref="fl-27"/>
      </object_component>
      <object_component id="oc-11b">
         <name>PUTBUFFER</name>
         <uninitialized>true</uninitialized>
         <run_address>0x3fc00</run_address>
         <size>0x80</size>
         <input_file_ref idref="fl-18"/>
      </object_component>
      <object_component id="oc-117">
         <name>PUTWRITEIDX</name>
         <uninitialized>true</uninitialized>
         <run_address>0x3fc80</run_address>
         <size>0x4</size>
         <input_file_ref idref="fl-18"/>
      </object_component>
      <object_component id="oc-11a">
         <name>GETREADIDX</name>
         <uninitialized>true</uninitialized>
         <run_address>0x3fc84</run_address>
         <size>0x4</size>
         <input_file_ref idref="fl-18"/>
      </object_component>
      <object_component id="oc-11c">
         <name>GETBUFFER</name>
         <uninitialized>true</uninitialized>
         <run_address>0x3f800</run_address>
         <size>0x80</size>
         <input_file_ref idref="fl-18"/>
      </object_component>
      <object_component id="oc-119">
         <name>GETWRITEIDX</name>
         <uninitialized>true</uninitialized>
         <run_address>0x3f880</run_address>
         <size>0x4</size>
         <input_file_ref idref="fl-18"/>
      </object_component>
      <object_component id="oc-118">
         <name>PUTREADIDX</name>
         <uninitialized>true</uninitialized>
         <run_address>0x3f884</run_address>
         <size>0x4</size>
         <input_file_ref idref="fl-18"/>
      </object_component>
      <object_component id="oc-b2">
         <name>FFT_INBUF</name>
         <uninitialized>true</uninitialized>
         <run_address>0xe000</run_address>
         <size>0x800</size>
         <input_file_ref idref="fl-7"/>
      </object_component>
      <object_component id="oc-af">
         <name>MAG_PHASE_OUT_BUF</name>
         <uninitialized>true</uninitialized>
         <run_address>0xe800</run_address>
         <size>0x800</size>
         <input_file_ref idref="fl-7"/>
      </object_component>
      <object_component id="oc-ad">
         <name>SOUND_INBUF</name>
         <uninitialized>true</uninitialized>
         <run_address>0xf000</run_address>
         <size>0xc00</size>
         <input_file_ref idref="fl-7"/>
      </object_component>
      <object_component id="oc-ae">
         <name>MAG_BUF</name>
         <uninitialized>true</uninitialized>
         <run_address>0x10000</run_address>
         <size>0x800</size>
         <input_file_ref idref="fl-7"/>
      </object_component>
      <object_component id="oc-b0">
         <name>PHASE_BUF</name>
         <uninitialized>true</uninitialized>
         <run_address>0x10800</run_address>
         <size>0x800</size>
         <input_file_ref idref="fl-7"/>
      </object_component>
      <object_component id="oc-b1">
         <name>RECT_BUF</name>
         <uninitialized>true</uninitialized>
         <run_address>0x11000</run_address>
         <size>0xc00</size>
         <input_file_ref idref="fl-7"/>
      </object_component>
      <object_component id="oc-b3">
         <name>IFFT_OUT_BUF</name>
         <uninitialized>true</uninitialized>
         <run_address>0x12000</run_address>
         <size>0x1000</size>
         <input_file_ref idref="fl-7"/>
      </object_component>
      <object_component id="oc-b4">
         <name>TWIDDLE_TEST_BUF</name>
         <uninitialized>true</uninitialized>
         <run_address>0x13000</run_address>
         <size>0x1000</size>
         <input_file_ref idref="fl-7"/>
      </object_component>
      <object_component id="oc-b5">
         <name>OUT_BUF0</name>
         <uninitialized>true</uninitialized>
         <run_address>0x14000</run_address>
         <size>0x1000</size>
         <input_file_ref idref="fl-7"/>
      </object_component>
      <object_component id="oc-b7">
         <name>OUT_BUF1</name>
         <uninitialized>true</uninitialized>
         <run_address>0x15000</run_address>
         <size>0x1000</size>
         <input_file_ref idref="fl-7"/>
      </object_component>
      <object_component id="oc-b8">
         <name>OUT_BUF2</name>
         <uninitialized>true</uninitialized>
         <run_address>0x16000</run_address>
         <size>0x1000</size>
         <input_file_ref idref="fl-7"/>
      </object_component>
      <object_component id="oc-b9">
         <name>OUT_BUF3</name>
         <uninitialized>true</uninitialized>
         <run_address>0x17000</run_address>
         <size>0x1000</size>
         <input_file_ref idref="fl-7"/>
      </object_component>
      <object_component id="oc-ba">
         <name>OUT_BUF4</name>
         <uninitialized>true</uninitialized>
         <run_address>0x18000</run_address>
         <size>0x1000</size>
         <input_file_ref idref="fl-7"/>
      </object_component>
      <object_component id="oc-bb">
         <name>OUT_BUF5</name>
         <uninitialized>true</uninitialized>
         <run_address>0x19000</run_address>
         <size>0x1000</size>
         <input_file_ref idref="fl-7"/>
      </object_component>
      <object_component id="oc-bc">
         <name>OUT_BUF6</name>
         <uninitialized>true</uninitialized>
         <run_address>0x1a000</run_address>
         <size>0x1000</size>
         <input_file_ref idref="fl-7"/>
      </object_component>
      <object_component id="oc-bd">
         <name>OUT_BUF7</name>
         <uninitialized>true</uninitialized>
         <run_address>0x1b000</run_address>
         <size>0x1000</size>
         <input_file_ref idref="fl-7"/>
      </object_component>
      <object_component id="oc-1d4">
         <name>PieVectTableFile</name>
         <uninitialized>true</uninitialized>
         <run_address>0xd00</run_address>
         <size>0x1c0</size>
         <input_file_ref idref="fl-28"/>
      </object_component>
      <object_component id="oc-16a">
         <name>EmuBModeVar</name>
         <uninitialized>true</uninitialized>
         <run_address>0xd00</run_address>
         <size>0x1</size>
         <input_file_ref idref="fl-28"/>
      </object_component>
      <object_component id="oc-16b">
         <name>EmuBootPinsVar</name>
         <uninitialized>true</uninitialized>
         <run_address>0xd01</run_address>
         <size>0x1</size>
         <input_file_ref idref="fl-28"/>
      </object_component>
      <object_component id="oc-183">
         <name>AdcaResultFile</name>
         <uninitialized>true</uninitialized>
         <run_address>0xb00</run_address>
         <size>0x18</size>
         <input_file_ref idref="fl-28"/>
      </object_component>
      <object_component id="oc-184">
         <name>AdcbResultFile</name>
         <uninitialized>true</uninitialized>
         <run_address>0xb20</run_address>
         <size>0x18</size>
         <input_file_ref idref="fl-28"/>
      </object_component>
      <object_component id="oc-185">
         <name>AdccResultFile</name>
         <uninitialized>true</uninitialized>
         <run_address>0xb40</run_address>
         <size>0x18</size>
         <input_file_ref idref="fl-28"/>
      </object_component>
      <object_component id="oc-186">
         <name>AdcdResultFile</name>
         <uninitialized>true</uninitialized>
         <run_address>0xb60</run_address>
         <size>0x18</size>
         <input_file_ref idref="fl-28"/>
      </object_component>
      <object_component id="oc-1b7">
         <name>AdcaRegsFile</name>
         <uninitialized>true</uninitialized>
         <run_address>0x7400</run_address>
         <size>0x80</size>
         <input_file_ref idref="fl-28"/>
      </object_component>
      <object_component id="oc-1b9">
         <name>AdcbRegsFile</name>
         <uninitialized>true</uninitialized>
         <run_address>0x7480</run_address>
         <size>0x80</size>
         <input_file_ref idref="fl-28"/>
      </object_component>
      <object_component id="oc-1ba">
         <name>AdccRegsFile</name>
         <uninitialized>true</uninitialized>
         <run_address>0x7500</run_address>
         <size>0x80</size>
         <input_file_ref idref="fl-28"/>
      </object_component>
      <object_component id="oc-1bb">
         <name>AdcdRegsFile</name>
         <uninitialized>true</uninitialized>
         <run_address>0x7580</run_address>
         <size>0x80</size>
         <input_file_ref idref="fl-28"/>
      </object_component>
      <object_component id="oc-1b3">
         <name>AnalogSubsysRegsFile</name>
         <uninitialized>true</uninitialized>
         <run_address>0x5d180</run_address>
         <size>0x48</size>
         <input_file_ref idref="fl-28"/>
      </object_component>
      <object_component id="oc-1d0">
         <name>CanaRegsFile</name>
         <uninitialized>true</uninitialized>
         <run_address>0x48000</run_address>
         <size>0x164</size>
         <input_file_ref idref="fl-28"/>
      </object_component>
      <object_component id="oc-1d1">
         <name>CanbRegsFile</name>
         <uninitialized>true</uninitialized>
         <run_address>0x4a000</run_address>
         <size>0x164</size>
         <input_file_ref idref="fl-28"/>
      </object_component>
      <object_component id="oc-1ae">
         <name>Cla1RegsFile</name>
         <uninitialized>true</uninitialized>
         <run_address>0x1400</run_address>
         <size>0x3e</size>
         <input_file_ref idref="fl-28"/>
      </object_component>
      <object_component id="oc-16f">
         <name>Cla1SoftIntRegsFile</name>
         <uninitialized>true</uninitialized>
         <run_address>0xce0</run_address>
         <size>0x4</size>
         <input_file_ref idref="fl-28"/>
      </object_component>
      <object_component id="oc-189">
         <name>Cmpss1RegsFile</name>
         <uninitialized>true</uninitialized>
         <run_address>0x5c80</run_address>
         <size>0x20</size>
         <input_file_ref idref="fl-28"/>
      </object_component>
      <object_component id="oc-18a">
         <name>Cmpss2RegsFile</name>
         <uninitialized>true</uninitialized>
         <run_address>0x5ca0</run_address>
         <size>0x20</size>
         <input_file_ref idref="fl-28"/>
      </object_component>
      <object_component id="oc-18b">
         <name>Cmpss3RegsFile</name>
         <uninitialized>true</uninitialized>
         <run_address>0x5cc0</run_address>
         <size>0x20</size>
         <input_file_ref idref="fl-28"/>
      </object_component>
      <object_component id="oc-18c">
         <name>Cmpss4RegsFile</name>
         <uninitialized>true</uninitialized>
         <run_address>0x5ce0</run_address>
         <size>0x20</size>
         <input_file_ref idref="fl-28"/>
      </object_component>
      <object_component id="oc-18d">
         <name>Cmpss5RegsFile</name>
         <uninitialized>true</uninitialized>
         <run_address>0x5d00</run_address>
         <size>0x20</size>
         <input_file_ref idref="fl-28"/>
      </object_component>
      <object_component id="oc-18e">
         <name>Cmpss6RegsFile</name>
         <uninitialized>true</uninitialized>
         <run_address>0x5d20</run_address>
         <size>0x20</size>
         <input_file_ref idref="fl-28"/>
      </object_component>
      <object_component id="oc-18f">
         <name>Cmpss7RegsFile</name>
         <uninitialized>true</uninitialized>
         <run_address>0x5d40</run_address>
         <size>0x20</size>
         <input_file_ref idref="fl-28"/>
      </object_component>
      <object_component id="oc-190">
         <name>Cmpss8RegsFile</name>
         <uninitialized>true</uninitialized>
         <run_address>0x5d60</run_address>
         <size>0x20</size>
         <input_file_ref idref="fl-28"/>
      </object_component>
      <object_component id="oc-175">
         <name>CpuTimer0RegsFile</name>
         <uninitialized>true</uninitialized>
         <run_address>0xc00</run_address>
         <size>0x8</size>
         <input_file_ref idref="fl-28"/>
      </object_component>
      <object_component id="oc-176">
         <name>CpuTimer1RegsFile</name>
         <uninitialized>true</uninitialized>
         <run_address>0xc08</run_address>
         <size>0x8</size>
         <input_file_ref idref="fl-28"/>
      </object_component>
      <object_component id="oc-177">
         <name>CpuTimer2RegsFile</name>
         <uninitialized>true</uninitialized>
         <run_address>0xc10</run_address>
         <size>0x8</size>
         <input_file_ref idref="fl-28"/>
      </object_component>
      <object_component id="oc-172">
         <name>DacaRegsFile</name>
         <uninitialized>true</uninitialized>
         <run_address>0x5c00</run_address>
         <size>0x8</size>
         <input_file_ref idref="fl-28"/>
      </object_component>
      <object_component id="oc-173">
         <name>DacbRegsFile</name>
         <uninitialized>true</uninitialized>
         <run_address>0x5c10</run_address>
         <size>0x8</size>
         <input_file_ref idref="fl-28"/>
      </object_component>
      <object_component id="oc-174">
         <name>DaccRegsFile</name>
         <uninitialized>true</uninitialized>
         <run_address>0x5c20</run_address>
         <size>0x8</size>
         <input_file_ref idref="fl-28"/>
      </object_component>
      <object_component id="oc-1a4">
         <name>DcsmZ1RegsFile</name>
         <uninitialized>true</uninitialized>
         <run_address>0x5f000</run_address>
         <size>0x24</size>
         <input_file_ref idref="fl-28"/>
      </object_component>
      <object_component id="oc-1a5">
         <name>DcsmZ2RegsFile</name>
         <uninitialized>true</uninitialized>
         <run_address>0x5f040</run_address>
         <size>0x24</size>
         <input_file_ref idref="fl-28"/>
      </object_component>
      <object_component id="oc-178">
         <name>DcsmCommonRegsFile</name>
         <uninitialized>true</uninitialized>
         <run_address>0x5f070</run_address>
         <size>0x8</size>
         <input_file_ref idref="fl-28"/>
      </object_component>
      <object_component id="oc-1c1">
         <name>DmaRegsFile</name>
         <uninitialized>true</uninitialized>
         <run_address>0x1000</run_address>
         <size>0xe0</size>
         <input_file_ref idref="fl-28"/>
      </object_component>
      <object_component id="oc-187">
         <name>DmaClaSrcSelRegsFile</name>
         <uninitialized>true</uninitialized>
         <run_address>0x7980</run_address>
         <size>0x1a</size>
         <input_file_ref idref="fl-28"/>
      </object_component>
      <object_component id="oc-191">
         <name>ECap1RegsFile</name>
         <uninitialized>true</uninitialized>
         <run_address>0x5000</run_address>
         <size>0x20</size>
         <input_file_ref idref="fl-28"/>
      </object_component>
      <object_component id="oc-193">
         <name>ECap2RegsFile</name>
         <uninitialized>true</uninitialized>
         <run_address>0x5020</run_address>
         <size>0x20</size>
         <input_file_ref idref="fl-28"/>
      </object_component>
      <object_component id="oc-194">
         <name>ECap3RegsFile</name>
         <uninitialized>true</uninitialized>
         <run_address>0x5040</run_address>
         <size>0x20</size>
         <input_file_ref idref="fl-28"/>
      </object_component>
      <object_component id="oc-195">
         <name>ECap4RegsFile</name>
         <uninitialized>true</uninitialized>
         <run_address>0x5060</run_address>
         <size>0x20</size>
         <input_file_ref idref="fl-28"/>
      </object_component>
      <object_component id="oc-196">
         <name>ECap5RegsFile</name>
         <uninitialized>true</uninitialized>
         <run_address>0x5080</run_address>
         <size>0x20</size>
         <input_file_ref idref="fl-28"/>
      </object_component>
      <object_component id="oc-197">
         <name>ECap6RegsFile</name>
         <uninitialized>true</uninitialized>
         <run_address>0x50a0</run_address>
         <size>0x20</size>
         <input_file_ref idref="fl-28"/>
      </object_component>
      <object_component id="oc-1b5">
         <name>Emif1RegsFile</name>
         <uninitialized>true</uninitialized>
         <run_address>0x47000</run_address>
         <size>0x70</size>
         <input_file_ref idref="fl-28"/>
      </object_component>
      <object_component id="oc-1b6">
         <name>Emif2RegsFile</name>
         <uninitialized>true</uninitialized>
         <run_address>0x47800</run_address>
         <size>0x70</size>
         <input_file_ref idref="fl-28"/>
      </object_component>
      <object_component id="oc-1c2">
         <name>EPwm1RegsFile</name>
         <uninitialized>true</uninitialized>
         <run_address>0x4000</run_address>
         <size>0x100</size>
         <input_file_ref idref="fl-28"/>
      </object_component>
      <object_component id="oc-1c4">
         <name>EPwm2RegsFile</name>
         <uninitialized>true</uninitialized>
         <run_address>0x4100</run_address>
         <size>0x100</size>
         <input_file_ref idref="fl-28"/>
      </object_component>
      <object_component id="oc-1c5">
         <name>EPwm3RegsFile</name>
         <uninitialized>true</uninitialized>
         <run_address>0x4200</run_address>
         <size>0x100</size>
         <input_file_ref idref="fl-28"/>
      </object_component>
      <object_component id="oc-1c6">
         <name>EPwm4RegsFile</name>
         <uninitialized>true</uninitialized>
         <run_address>0x4300</run_address>
         <size>0x100</size>
         <input_file_ref idref="fl-28"/>
      </object_component>
      <object_component id="oc-1c7">
         <name>EPwm5RegsFile</name>
         <uninitialized>true</uninitialized>
         <run_address>0x4400</run_address>
         <size>0x100</size>
         <input_file_ref idref="fl-28"/>
      </object_component>
      <object_component id="oc-1c8">
         <name>EPwm6RegsFile</name>
         <uninitialized>true</uninitialized>
         <run_address>0x4500</run_address>
         <size>0x100</size>
         <input_file_ref idref="fl-28"/>
      </object_component>
      <object_component id="oc-1c9">
         <name>EPwm7RegsFile</name>
         <uninitialized>true</uninitialized>
         <run_address>0x4600</run_address>
         <size>0x100</size>
         <input_file_ref idref="fl-28"/>
      </object_component>
      <object_component id="oc-1ca">
         <name>EPwm8RegsFile</name>
         <uninitialized>true</uninitialized>
         <run_address>0x4700</run_address>
         <size>0x100</size>
         <input_file_ref idref="fl-28"/>
      </object_component>
      <object_component id="oc-1cb">
         <name>EPwm9RegsFile</name>
         <uninitialized>true</uninitialized>
         <run_address>0x4800</run_address>
         <size>0x100</size>
         <input_file_ref idref="fl-28"/>
      </object_component>
      <object_component id="oc-1cc">
         <name>EPwm10RegsFile</name>
         <uninitialized>true</uninitialized>
         <run_address>0x4900</run_address>
         <size>0x100</size>
         <input_file_ref idref="fl-28"/>
      </object_component>
      <object_component id="oc-1cd">
         <name>EPwm11RegsFile</name>
         <uninitialized>true</uninitialized>
         <run_address>0x4a00</run_address>
         <size>0x100</size>
         <input_file_ref idref="fl-28"/>
      </object_component>
      <object_component id="oc-1ce">
         <name>EPwm12RegsFile</name>
         <uninitialized>true</uninitialized>
         <run_address>0x4b00</run_address>
         <size>0x100</size>
         <input_file_ref idref="fl-28"/>
      </object_component>
      <object_component id="oc-1af">
         <name>EPwmXbarRegsFile</name>
         <uninitialized>true</uninitialized>
         <run_address>0x7a00</run_address>
         <size>0x40</size>
         <input_file_ref idref="fl-28"/>
      </object_component>
      <object_component id="oc-19d">
         <name>EQep1RegsFile</name>
         <uninitialized>true</uninitialized>
         <run_address>0x5100</run_address>
         <size>0x22</size>
         <input_file_ref idref="fl-28"/>
      </object_component>
      <object_component id="oc-19f">
         <name>EQep2RegsFile</name>
         <uninitialized>true</uninitialized>
         <run_address>0x5140</run_address>
         <size>0x22</size>
         <input_file_ref idref="fl-28"/>
      </object_component>
      <object_component id="oc-1a0">
         <name>EQep3RegsFile</name>
         <uninitialized>true</uninitialized>
         <run_address>0x5180</run_address>
         <size>0x22</size>
         <input_file_ref idref="fl-28"/>
      </object_component>
      <object_component id="oc-1d3">
         <name>Flash0CtrlRegsFile</name>
         <uninitialized>true</uninitialized>
         <run_address>0x5f800</run_address>
         <size>0x182</size>
         <input_file_ref idref="fl-28"/>
      </object_component>
      <object_component id="oc-1aa">
         <name>Flash0EccRegsFile</name>
         <uninitialized>true</uninitialized>
         <run_address>0x5fb00</run_address>
         <size>0x28</size>
         <input_file_ref idref="fl-28"/>
      </object_component>
      <object_component id="oc-1d2">
         <name>GpioCtrlRegsFile</name>
         <uninitialized>true</uninitialized>
         <run_address>0x7c00</run_address>
         <size>0x180</size>
         <input_file_ref idref="fl-28"/>
      </object_component>
      <object_component id="oc-1ac">
         <name>GpioDataRegsFile</name>
         <uninitialized>true</uninitialized>
         <run_address>0x7f00</run_address>
         <size>0x30</size>
         <input_file_ref idref="fl-28"/>
      </object_component>
      <object_component id="oc-1b0">
         <name>OutputXbarRegsFile</name>
         <uninitialized>true</uninitialized>
         <run_address>0x7a80</run_address>
         <size>0x40</size>
         <input_file_ref idref="fl-28"/>
      </object_component>
      <object_component id="oc-1a1">
         <name>I2caRegsFile</name>
         <uninitialized>true</uninitialized>
         <run_address>0x7300</run_address>
         <size>0x22</size>
         <input_file_ref idref="fl-28"/>
      </object_component>
      <object_component id="oc-1a3">
         <name>I2cbRegsFile</name>
         <uninitialized>true</uninitialized>
         <run_address>0x7340</run_address>
         <size>0x22</size>
         <input_file_ref idref="fl-28"/>
      </object_component>
      <object_component id="oc-198">
         <name>InputXbarRegsFile</name>
         <uninitialized>true</uninitialized>
         <run_address>0x7900</run_address>
         <size>0x20</size>
         <input_file_ref idref="fl-28"/>
      </object_component>
      <object_component id="oc-19a">
         <name>XbarRegsFile</name>
         <uninitialized>true</uninitialized>
         <run_address>0x7920</run_address>
         <size>0x20</size>
         <input_file_ref idref="fl-28"/>
      </object_component>
      <object_component id="oc-1a6">
         <name>IpcRegsFile</name>
         <uninitialized>true</uninitialized>
         <run_address>0x50000</run_address>
         <size>0x24</size>
         <input_file_ref idref="fl-28"/>
      </object_component>
      <object_component id="oc-16c">
         <name>FlashPumpSemaphoreRegsFile</name>
         <uninitialized>true</uninitialized>
         <run_address>0x50024</run_address>
         <size>0x2</size>
         <input_file_ref idref="fl-28"/>
      </object_component>
      <object_component id="oc-16d">
         <name>RomPrefetchRegsFile</name>
         <uninitialized>true</uninitialized>
         <run_address>0x5e608</run_address>
         <size>0x2</size>
         <input_file_ref idref="fl-28"/>
      </object_component>
      <object_component id="oc-1bc">
         <name>MemCfgRegsFile</name>
         <uninitialized>true</uninitialized>
         <run_address>0x5f400</run_address>
         <size>0x80</size>
         <input_file_ref idref="fl-28"/>
      </object_component>
      <object_component id="oc-19b">
         <name>Emif1ConfigRegsFile</name>
         <uninitialized>true</uninitialized>
         <run_address>0x5f480</run_address>
         <size>0x20</size>
         <input_file_ref idref="fl-28"/>
      </object_component>
      <object_component id="oc-19c">
         <name>Emif2ConfigRegsFile</name>
         <uninitialized>true</uninitialized>
         <run_address>0x5f4a0</run_address>
         <size>0x20</size>
         <input_file_ref idref="fl-28"/>
      </object_component>
      <object_component id="oc-1b1">
         <name>AccessProtectionRegsFile</name>
         <uninitialized>true</uninitialized>
         <run_address>0x5f4c0</run_address>
         <size>0x40</size>
         <input_file_ref idref="fl-28"/>
      </object_component>
      <object_component id="oc-1b2">
         <name>MemoryErrorRegsFile</name>
         <uninitialized>true</uninitialized>
         <run_address>0x5f500</run_address>
         <size>0x40</size>
         <input_file_ref idref="fl-28"/>
      </object_component>
      <object_component id="oc-16e">
         <name>RomWaitStateRegsFile</name>
         <uninitialized>true</uninitialized>
         <run_address>0x5f540</run_address>
         <size>0x2</size>
         <input_file_ref idref="fl-28"/>
      </object_component>
      <object_component id="oc-1a7">
         <name>McbspaRegsFile</name>
         <uninitialized>true</uninitialized>
         <run_address>0x6000</run_address>
         <size>0x24</size>
         <input_file_ref idref="fl-28"/>
      </object_component>
      <object_component id="oc-1a9">
         <name>McbspbRegsFile</name>
         <uninitialized>true</uninitialized>
         <run_address>0x6040</run_address>
         <size>0x24</size>
         <input_file_ref idref="fl-28"/>
      </object_component>
      <object_component id="oc-1b4">
         <name>UppRegsFile</name>
         <uninitialized>true</uninitialized>
         <run_address>0x6200</run_address>
         <size>0x48</size>
         <input_file_ref idref="fl-28"/>
      </object_component>
      <object_component id="oc-171">
         <name>NmiIntruptRegsFile</name>
         <uninitialized>true</uninitialized>
         <run_address>0x7060</run_address>
         <size>0x7</size>
         <input_file_ref idref="fl-28"/>
      </object_component>
      <object_component id="oc-188">
         <name>PieCtrlRegsFile</name>
         <uninitialized>true</uninitialized>
         <run_address>0xce0</run_address>
         <size>0x1a</size>
         <input_file_ref idref="fl-28"/>
      </object_component>
      <object_component id="oc-17a">
         <name>SciaRegsFile</name>
         <uninitialized>true</uninitialized>
         <run_address>0x7200</run_address>
         <size>0x10</size>
         <input_file_ref idref="fl-28"/>
      </object_component>
      <object_component id="oc-17c">
         <name>ScibRegsFile</name>
         <uninitialized>true</uninitialized>
         <run_address>0x7210</run_address>
         <size>0x10</size>
         <input_file_ref idref="fl-28"/>
      </object_component>
      <object_component id="oc-17d">
         <name>ScicRegsFile</name>
         <uninitialized>true</uninitialized>
         <run_address>0x7220</run_address>
         <size>0x10</size>
         <input_file_ref idref="fl-28"/>
      </object_component>
      <object_component id="oc-17e">
         <name>ScidRegsFile</name>
         <uninitialized>true</uninitialized>
         <run_address>0x7230</run_address>
         <size>0x10</size>
         <input_file_ref idref="fl-28"/>
      </object_component>
      <object_component id="oc-1bd">
         <name>Sdfm1RegsFile</name>
         <uninitialized>true</uninitialized>
         <run_address>0x5e00</run_address>
         <size>0x80</size>
         <input_file_ref idref="fl-28"/>
      </object_component>
      <object_component id="oc-1bf">
         <name>Sdfm2RegsFile</name>
         <uninitialized>true</uninitialized>
         <run_address>0x5e80</run_address>
         <size>0x80</size>
         <input_file_ref idref="fl-28"/>
      </object_component>
      <object_component id="oc-17f">
         <name>SpiaRegsFile</name>
         <uninitialized>true</uninitialized>
         <run_address>0x6100</run_address>
         <size>0x10</size>
         <input_file_ref idref="fl-28"/>
      </object_component>
      <object_component id="oc-181">
         <name>SpibRegsFile</name>
         <uninitialized>true</uninitialized>
         <run_address>0x6110</run_address>
         <size>0x10</size>
         <input_file_ref idref="fl-28"/>
      </object_component>
      <object_component id="oc-182">
         <name>SpicRegsFile</name>
         <uninitialized>true</uninitialized>
         <run_address>0x6120</run_address>
         <size>0x10</size>
         <input_file_ref idref="fl-28"/>
      </object_component>
      <object_component id="oc-1cf">
         <name>DevCfgRegsFile</name>
         <uninitialized>true</uninitialized>
         <run_address>0x5d000</run_address>
         <size>0x12e</size>
         <input_file_ref idref="fl-28"/>
      </object_component>
      <object_component id="oc-1ad">
         <name>ClkCfgRegsFile</name>
         <uninitialized>true</uninitialized>
         <run_address>0x5d200</run_address>
         <size>0x32</size>
         <input_file_ref idref="fl-28"/>
      </object_component>
      <object_component id="oc-1c0">
         <name>CpuSysRegsFile</name>
         <uninitialized>true</uninitialized>
         <run_address>0x5d300</run_address>
         <size>0x82</size>
         <input_file_ref idref="fl-28"/>
      </object_component>
      <object_component id="oc-170">
         <name>SyncSocRegsFile</name>
         <uninitialized>true</uninitialized>
         <run_address>0x7940</run_address>
         <size>0x6</size>
         <input_file_ref idref="fl-28"/>
      </object_component>
      <object_component id="oc-1ab">
         <name>WdRegsFile</name>
         <uninitialized>true</uninitialized>
         <run_address>0x7000</run_address>
         <size>0x2b</size>
         <input_file_ref idref="fl-28"/>
      </object_component>
      <object_component id="oc-179">
         <name>XintRegsFile</name>
         <uninitialized>true</uninitialized>
         <run_address>0x7070</run_address>
         <size>0xb</size>
         <input_file_ref idref="fl-28"/>
      </object_component>
      <object_component id="oc-90">
         <name>.debug_info</name>
         <load_address>0x0</load_address>
         <run_address>0x0</run_address>
         <size>0x10eb</size>
         <input_file_ref idref="fl-2"/>
      </object_component>
      <object_component id="oc-98">
         <name>.debug_info</name>
         <load_address>0x10eb</load_address>
         <run_address>0x10eb</run_address>
         <size>0x1ab</size>
         <input_file_ref idref="fl-3"/>
      </object_component>
      <object_component id="oc-9d">
         <name>.debug_info</name>
         <load_address>0x1296</load_address>
         <run_address>0x1296</run_address>
         <size>0xfa</size>
         <input_file_ref idref="fl-4"/>
      </object_component>
      <object_component id="oc-a2">
         <name>.debug_info</name>
         <load_address>0x1390</load_address>
         <run_address>0x1390</run_address>
         <size>0x10c</size>
         <input_file_ref idref="fl-5"/>
      </object_component>
      <object_component id="oc-a5">
         <name>.debug_info</name>
         <load_address>0x149c</load_address>
         <run_address>0x149c</run_address>
         <size>0x59a</size>
         <input_file_ref idref="fl-6"/>
      </object_component>
      <object_component id="oc-aa">
         <name>.debug_info</name>
         <load_address>0x1a36</load_address>
         <run_address>0x1a36</run_address>
         <size>0x1cbac</size>
         <input_file_ref idref="fl-7"/>
      </object_component>
      <object_component id="oc-c6">
         <name>.debug_info</name>
         <load_address>0x1e5e2</load_address>
         <run_address>0x1e5e2</run_address>
         <size>0x1b1</size>
         <input_file_ref idref="fl-8"/>
      </object_component>
      <object_component id="oc-c9">
         <name>.debug_info</name>
         <load_address>0x1e793</load_address>
         <run_address>0x1e793</run_address>
         <size>0x10419</size>
         <input_file_ref idref="fl-9"/>
      </object_component>
      <object_component id="oc-ce">
         <name>.debug_info</name>
         <load_address>0x2ebac</load_address>
         <run_address>0x2ebac</run_address>
         <size>0xfd94</size>
         <input_file_ref idref="fl-a"/>
      </object_component>
      <object_component id="oc-d3">
         <name>.debug_info</name>
         <load_address>0x3e940</load_address>
         <run_address>0x3e940</run_address>
         <size>0x1a1b</size>
         <input_file_ref idref="fl-b"/>
      </object_component>
      <object_component id="oc-da">
         <name>.debug_info</name>
         <load_address>0x4035b</load_address>
         <run_address>0x4035b</run_address>
         <size>0x112</size>
         <input_file_ref idref="fl-c"/>
      </object_component>
      <object_component id="oc-dd">
         <name>.debug_info</name>
         <load_address>0x4046d</load_address>
         <run_address>0x4046d</run_address>
         <size>0x998</size>
         <input_file_ref idref="fl-d"/>
      </object_component>
      <object_component id="oc-e5">
         <name>.debug_info</name>
         <load_address>0x40e05</load_address>
         <run_address>0x40e05</run_address>
         <size>0x10a</size>
         <input_file_ref idref="fl-e"/>
      </object_component>
      <object_component id="oc-e8">
         <name>.debug_info</name>
         <load_address>0x40f0f</load_address>
         <run_address>0x40f0f</run_address>
         <size>0x3c8f</size>
         <input_file_ref idref="fl-f"/>
      </object_component>
      <object_component id="oc-ee">
         <name>.debug_info</name>
         <load_address>0x44b9e</load_address>
         <run_address>0x44b9e</run_address>
         <size>0x72c1</size>
         <input_file_ref idref="fl-10"/>
      </object_component>
      <object_component id="oc-f3">
         <name>.debug_info</name>
         <load_address>0x4be5f</load_address>
         <run_address>0x4be5f</run_address>
         <size>0x13e41</size>
         <input_file_ref idref="fl-11"/>
      </object_component>
      <object_component id="oc-f8">
         <name>.debug_info</name>
         <load_address>0x5fca0</load_address>
         <run_address>0x5fca0</run_address>
         <size>0xf3cf</size>
         <input_file_ref idref="fl-12"/>
      </object_component>
      <object_component id="oc-fd">
         <name>.debug_info</name>
         <load_address>0x6f06f</load_address>
         <run_address>0x6f06f</run_address>
         <size>0xf3cf</size>
         <input_file_ref idref="fl-13"/>
      </object_component>
      <object_component id="oc-102">
         <name>.debug_info</name>
         <load_address>0x7e43e</load_address>
         <run_address>0x7e43e</run_address>
         <size>0x5557</size>
         <input_file_ref idref="fl-14"/>
      </object_component>
      <object_component id="oc-107">
         <name>.debug_info</name>
         <load_address>0x83995</load_address>
         <run_address>0x83995</run_address>
         <size>0x1a024</size>
         <input_file_ref idref="fl-15"/>
      </object_component>
      <object_component id="oc-10c">
         <name>.debug_info</name>
         <load_address>0x9d9b9</load_address>
         <run_address>0x9d9b9</run_address>
         <size>0xf3ce</size>
         <input_file_ref idref="fl-16"/>
      </object_component>
      <object_component id="oc-111">
         <name>.debug_info</name>
         <load_address>0xacd87</load_address>
         <run_address>0xacd87</run_address>
         <size>0x162b</size>
         <input_file_ref idref="fl-17"/>
      </object_component>
      <object_component id="oc-116">
         <name>.debug_info</name>
         <load_address>0xae3b2</load_address>
         <run_address>0xae3b2</run_address>
         <size>0x19ac</size>
         <input_file_ref idref="fl-18"/>
      </object_component>
      <object_component id="oc-121">
         <name>.debug_info</name>
         <load_address>0xafd5e</load_address>
         <run_address>0xafd5e</run_address>
         <size>0x48e0</size>
         <input_file_ref idref="fl-19"/>
      </object_component>
      <object_component id="oc-126">
         <name>.debug_info</name>
         <load_address>0xb463e</load_address>
         <run_address>0xb463e</run_address>
         <size>0x17d4f</size>
         <input_file_ref idref="fl-1a"/>
      </object_component>
      <object_component id="oc-12b">
         <name>.debug_info</name>
         <load_address>0xcc38d</load_address>
         <run_address>0xcc38d</run_address>
         <size>0x10c71</size>
         <input_file_ref idref="fl-1b"/>
      </object_component>
      <object_component id="oc-130">
         <name>.debug_info</name>
         <load_address>0xdcffe</load_address>
         <run_address>0xdcffe</run_address>
         <size>0x3486</size>
         <input_file_ref idref="fl-1c"/>
      </object_component>
      <object_component id="oc-135">
         <name>.debug_info</name>
         <load_address>0xe0484</load_address>
         <run_address>0xe0484</run_address>
         <size>0x6641</size>
         <input_file_ref idref="fl-1d"/>
      </object_component>
      <object_component id="oc-13a">
         <name>.debug_info</name>
         <load_address>0xe6ac5</load_address>
         <run_address>0xe6ac5</run_address>
         <size>0x19b</size>
         <input_file_ref idref="fl-1e"/>
      </object_component>
      <object_component id="oc-13c">
         <name>.debug_info</name>
         <load_address>0xe6c60</load_address>
         <run_address>0xe6c60</run_address>
         <size>0xfcb6</size>
         <input_file_ref idref="fl-1f"/>
      </object_component>
      <object_component id="oc-141">
         <name>.debug_info</name>
         <load_address>0xf6916</load_address>
         <run_address>0xf6916</run_address>
         <size>0xcc20</size>
         <input_file_ref idref="fl-20"/>
      </object_component>
      <object_component id="oc-146">
         <name>.debug_info</name>
         <load_address>0x103536</load_address>
         <run_address>0x103536</run_address>
         <size>0x4ebe</size>
         <input_file_ref idref="fl-21"/>
      </object_component>
      <object_component id="oc-14c">
         <name>.debug_info</name>
         <load_address>0x1083f4</load_address>
         <run_address>0x1083f4</run_address>
         <size>0x10971</size>
         <input_file_ref idref="fl-22"/>
      </object_component>
      <object_component id="oc-151">
         <name>.debug_info</name>
         <load_address>0x118d65</load_address>
         <run_address>0x118d65</run_address>
         <size>0x29e7</size>
         <input_file_ref idref="fl-23"/>
      </object_component>
      <object_component id="oc-156">
         <name>.debug_info</name>
         <load_address>0x11b74c</load_address>
         <run_address>0x11b74c</run_address>
         <size>0x340c</size>
         <input_file_ref idref="fl-24"/>
      </object_component>
      <object_component id="oc-15d">
         <name>.debug_info</name>
         <load_address>0x11eb58</load_address>
         <run_address>0x11eb58</run_address>
         <size>0x1fc0</size>
         <input_file_ref idref="fl-25"/>
      </object_component>
      <object_component id="oc-162">
         <name>.debug_info</name>
         <load_address>0x120b18</load_address>
         <run_address>0x120b18</run_address>
         <size>0x104ce</size>
         <input_file_ref idref="fl-26"/>
      </object_component>
      <object_component id="oc-166">
         <name>.debug_info</name>
         <load_address>0x130fe6</load_address>
         <run_address>0x130fe6</run_address>
         <size>0x10d</size>
         <input_file_ref idref="fl-27"/>
      </object_component>
      <object_component id="oc-169">
         <name>.debug_info</name>
         <load_address>0x1310f3</load_address>
         <run_address>0x1310f3</run_address>
         <size>0x50545</size>
         <input_file_ref idref="fl-28"/>
      </object_component>
      <object_component id="oc-1d6">
         <name>.debug_info</name>
         <load_address>0x181638</load_address>
         <run_address>0x181638</run_address>
         <size>0x730</size>
         <input_file_ref idref="fl-29"/>
      </object_component>
[...]
         <name>_CanbRegs</name>
         <value>0x4a000</value>
         <object_component_ref idref="oc-1d1"/>
      </symbol>
      <symbol id="sm-721">
         <name>_ECap6Regs</name>
         <value>0x50a0</value>
         <object_component_ref idref="oc-197"/>
      </symbol>
      <symbol id="sm-722">
         <name>_DmaRegs</name>
         <value>0x1000</value>
         <object_component_ref idref="oc-1c1"/>
      </symbol>
      <symbol id="sm-723">
         <name>_EmuBootPins</name>
         <value>0xd01</value>
         <object_component_ref idref="oc-16b"/>
      </symbol>
      <symbol id="sm-724">
         <name>_XintRegs</name>
         <value>0x7070</value>
         <object_component_ref idref="oc-179"/>
      </symbol>
      <symbol id="sm-725">
         <name>_CpuTimer0Regs</name>
         <value>0xc00</value>
         <object_component_ref idref="oc-175"/>
      </symbol>
      <symbol id="sm-726">
         <name>_Cmpss5Regs</name>
         <value>0x5d00</value>
         <object_component_ref idref="oc-18d"/>
      </symbol>
      <symbol id="sm-727">
         <name>_Emif1Regs</name>
         <value>0x47000</value>
         <object_component_ref idref="oc-1b5"/>
      </symbol>
      <symbol id="sm-728">
         <name>_AccessProtectionRegs</name>
         <value>0x5f4c0</value>
         <object_component_ref idref="oc-1b1"/>
      </symbol>
      <symbol id="sm-729">
         <name>_MemCfgRegs</name>
         <value>0x5f400</value>
         <object_component_ref idref="oc-1bc"/>
      </symbol>
      <symbol id="sm-72a">
         <name>_DacaRegs</name>
         <value>0x5c00</value>
         <object_component_ref idref="oc-172"/>
      </symbol>
      <symbol id="sm-72b">
         <name>_McbspbRegs</name>
         <value>0x6040</value>
         <object_component_ref idref="oc-1a9"/>
      </symbol>
      <symbol id="sm-72c">
         <name>_EPwm6Regs</name>
         <value>0x4500</value>
         <object_component_ref idref="oc-1c8"/>
      </symbol>
      <symbol id="sm-72d">
         <name>_AdcaRegs</name>
         <value>0x7400</value>
         <object_component_ref idref="oc-1b7"/>
      </symbol>
      <symbol id="sm-72e">
         <name>_SciaRegs</name>
         <value>0x7200</value>
         <object_component_ref idref="oc-17a"/>
      </symbol>
      <symbol id="sm-72f">
         <name>_EPwm11Regs</name>
         <value>0x4a00</value>
         <object_component_ref idref="oc-1cd"/>
      </symbol>
      <symbol id="sm-730">
         <name>_GpioDataRegs</name>
         <value>0x7f00</value>
         <object_component_ref idref="oc-1ac"/>
      </symbol>
      <symbol id="sm-731">
         <name>_Sdfm1Regs</name>
         <value>0x5e00</value>
         <object_component_ref idref="oc-1bd"/>
      </symbol>
      <symbol id="sm-732">
         <name>_Cmpss2Regs</name>
         <value>0x5ca0</value>
         <object_component_ref idref="oc-18a"/>
      </symbol>
      <symbol id="sm-733">
         <name>_Emif2Regs</name>
         <value>0x47800</value>
         <object_component_ref idref="oc-1b6"/>
      </symbol>
      <symbol id="sm-734">
         <name>_DcsmZ1Regs</name>
         <value>0x5f000</value>
         <object_component_ref idref="oc-1a4"/>
      </symbol>
      <symbol id="sm-735">
         <name>_Flash0CtrlRegs</name>
         <value>0x5f800</value>
         <object_component_ref idref="oc-1d3"/>
      </symbol>
      <symbol id="sm-736">
         <name>_EPwm7Regs</name>
         <value>0x4600</value>
         <object_component_ref idref="oc-1c9"/>
      </symbol>
      <symbol id="sm-737">
         <name>_SpicRegs</name>
         <value>0x6120</value>
         <object_component_ref idref="oc-182"/>
      </symbol>
      <symbol id="sm-738">
         <name>_EPwm10Regs</name>
         <value>0x4900</value>
         <object_component_ref idref="oc-1cc"/>
      </symbol>
      <symbol id="sm-739">
         <name>_CpuTimer2Regs</name>
         <value>0xc10</value>
         <object_component_ref idref="oc-177"/>
      </symbol>
      <symbol id="sm-73a">
         <name>_DmaClaSrcSelRegs</name>
         <value>0x7980</value>
         <object_component_ref idref="oc-187"/>
      </symbol>
      <symbol id="sm-73b">
         <name>_AnalogSubsysRegs</name>
         <value>0x5d180</value>
         <object_component_ref idref="oc-1b3"/>
      </symbol>
      <symbol id="sm-73c">
         <name>_Cmpss3Regs</name>
         <value>0x5cc0</value>
         <object_component_ref idref="oc-18b"/>
      </symbol>
      <symbol id="sm-73d">
         <name>_DaccRegs</name>
         <value>0x5c20</value>
         <object_component_ref idref="oc-174"/>
      </symbol>
      <symbol id="sm-73e">
         <name>_PieCtrlRegs</name>
         <value>0xce0</value>
         <object_component_ref idref="oc-188"/>
      </symbol>
      <symbol id="sm-73f">
         <name>_DevCfgRegs</name>
         <value>0x5d000</value>
         <object_component_ref idref="oc-1cf"/>
      </symbol>
      <symbol id="sm-740">
         <name>_SpibRegs</name>
         <value>0x6110</value>
         <object_component_ref idref="oc-181"/>
      </symbol>
      <symbol id="sm-741">
         <name>_AdccRegs</name>
         <value>0x7500</value>
         <object_component_ref idref="oc-1ba"/>
      </symbol>
      <symbol id="sm-742">
         <name>_ScicRegs</name>
         <value>0x7220</value>
         <object_component_ref idref="oc-17d"/>
      </symbol>
      <symbol id="sm-743">
         <name>_ECap1Regs</name>
         <value>0x5000</value>
         <object_component_ref idref="oc-191"/>
      </symbol>
      <symbol id="sm-744">
         <name>_OutputXbarRegs</name>
         <value>0x7a80</value>
         <object_component_ref idref="oc-1b0"/>
      </symbol>
      <symbol id="sm-745">
         <name>_MemoryErrorRegs</name>
         <value>0x5f500</value>
         <object_component_ref idref="oc-1b2"/>
      </symbol>
      <symbol id="sm-746">
         <name>_Cla1Regs</name>
         <value>0x1400</value>
         <object_component_ref idref="oc-1ae"/>
      </symbol>
      <symbol id="sm-747">
         <name>_EQep1Regs</name>
         <value>0x5100</value>
         <object_component_ref idref="oc-19d"/>
      </symbol>
      <symbol id="sm-748">
         <name>_DacbRegs</name>
         <value>0x5c10</value>
         <object_component_ref idref="oc-173"/>
      </symbol>
      <symbol id="sm-749">
         <name>_McbspaRegs</name>
         <value>0x6000</value>
         <object_component_ref idref="oc-1a7"/>
      </symbol>
      <symbol id="sm-74a">
         <name>_EPwm1Regs</name>
         <value>0x4000</value>
         <object_component_ref idref="oc-1c2"/>
      </symbol>
      <symbol id="sm-74b">
         <name>_AdcbRegs</name>
         <value>0x7480</value>
         <object_component_ref idref="oc-1b9"/>
      </symbol>
      <symbol id="sm-74c">
         <name>_ScibRegs</name>
         <value>0x7210</value>
         <object_component_ref idref="oc-17c"/>
      </symbol>
      <symbol id="sm-74d">
         <name>_AdcaResultRegs</name>
         <value>0xb00</value>
         <object_component_ref idref="oc-183"/>
      </symbol>
      <symbol id="sm-74e">
         <name>_ECap2Regs</name>
         <value>0x5020</value>
         <object_component_ref idref="oc-193"/>
      </symbol>
      <symbol id="sm-74f">
         <name>_EPwm12Regs</name>
         <value>0x4b00</value>
         <object_component_ref idref="oc-1ce"/>
      </symbol>
      <symbol id="sm-750">
         <name>_AdcbResultRegs</name>
         <value>0xb20</value>
         <object_component_ref idref="oc-184"/>
      </symbol>
      <symbol id="sm-751">
         <name>_AdccResultRegs</name>
         <value>0xb40</value>
         <object_component_ref idref="oc-185"/>
      </symbol>
      <symbol id="sm-752">
         <name>_Emif1ConfigRegs</name>
         <value>0x5f480</value>
         <object_component_ref idref="oc-19b"/>
      </symbol>
      <symbol id="sm-753">
         <name>_Sdfm2Regs</name>
         <value>0x5e80</value>
         <object_component_ref idref="oc-1bf"/>
      </symbol>
      <symbol id="sm-754">
         <name>_AdcdResultRegs</name>
         <value>0xb60</value>
         <object_component_ref idref="oc-186"/>
      </symbol>
      <symbol id="sm-755">
         <name>_EQep2Regs</name>
         <value>0x5140</value>
         <object_component_ref idref="oc-19f"/>
      </symbol>
      <symbol id="sm-756">
         <name>_Cmpss1Regs</name>
         <value>0x5c80</value>
         <object_component_ref idref="oc-189"/>
      </symbol>
      <symbol id="sm-757">
         <name>_EPwm8Regs</name>
         <value>0x4700</value>
         <object_component_ref idref="oc-1ca"/>
      </symbol>
      <symbol id="sm-758">
         <name>_Emif2ConfigRegs</name>
         <value>0x5f4a0</value>
         <object_component_ref idref="oc-19c"/>
      </symbol>
      <symbol id="sm-759">
         <name>_DcsmCommonRegs</name>
         <value>0x5f070</value>
         <object_component_ref idref="oc-178"/>
      </symbol>
      <symbol id="sm-75a">
         <name>_EPwm2Regs</name>
         <value>0x4100</value>
         <object_component_ref idref="oc-1c4"/>
      </symbol>
      <symbol id="sm-75b">
         <name>_ECap3Regs</name>
         <value>0x5040</value>
         <object_component_ref idref="oc-194"/>
      </symbol>
      <symbol id="sm-75c">
         <name>_Cmpss8Regs</name>
         <value>0x5d60</value>
         <object_component_ref idref="oc-190"/>
      </symbol>
      <symbol id="sm-75d">
         <name>_EQep3Regs</name>
         <value>0x5180</value>
         <object_component_ref idref="oc-1a0"/>
      </symbol>
      <symbol id="sm-75e">
         <name>_SyncSocRegs</name>
         <value>0x7940</value>
         <object_component_ref idref="oc-170"/>
      </symbol>
      <symbol id="sm-75f">
         <name>_EPwm9Regs</name>
         <value>0x4800</value>
         <object_component_ref idref="oc-1cb"/>
      </symbol>
      <symbol id="sm-760">
         <name>_NmiIntruptRegs</name>
         <value>0x7060</value>
         <object_component_ref idref="oc-171"/>
      </symbol>
      <symbol id="sm-761">
         <name>_EPwm3Regs</name>
         <value>0x4200</value>
         <object_component_ref idref="oc-1c5"/>
      </symbol>
      <symbol id="sm-762">
         <name>_I2caRegs</name>
         <value>0x7300</value>
         <object_component_ref idref="oc-1a1"/>
      </symbol>
      <symbol id="sm-77c">
         <name>_ADC_setMode</name>
         <value>0xa13d</value>
         <object_component_ref idref="oc-287"/>
      </symbol>
      <symbol id="sm-77d">
         <name>_ADC_setPPBTripLimits</name>
         <value>0xa1d7</value>
         <object_component_ref idref="oc-287"/>
      </symbol>
      <symbol id="sm-7bf">
         <name>_Interrupt_enable</name>
         <value>0x9750</value>
         <object_component_ref idref="oc-275"/>
      </symbol>
      <symbol id="sm-7c0">
         <name>_Interrupt_initVectorTable</name>
         <value>0x9730</value>
         <object_component_ref idref="oc-275"/>
      </symbol>
      <symbol id="sm-7c1">
         <name>_Interrupt_disable</name>
         <value>0x9784</value>
         <object_component_ref idref="oc-275"/>
      </symbol>
      <symbol id="sm-7c2">
         <name>_Interrupt_initModule</name>
         <value>0x96f3</value>
         <object_component_ref idref="oc-275"/>
      </symbol>
      <symbol id="sm-7f1">
         <name>_atan2f</name>
         <value>0x9f16</value>
         <object_component_ref idref="oc-262"/>
      </symbol>
      <symbol id="sm-7f2">
         <name>_atan2</name>
         <value>0x9f16</value>
         <object_component_ref idref="oc-262"/>
      </symbol>
      <symbol id="sm-84a">
         <name>_powf</name>
         <value>0x8c8f</value>
         <object_component_ref idref="oc-288"/>
      </symbol>
      <symbol id="sm-84b">
         <name>_pow</name>
         <value>0x8c8f</value>
         <object_component_ref idref="oc-288"/>
      </symbol>
      <symbol id="sm-85b">
         <name>_sqrtf</name>
         <value>0xa6ee</value>
         <object_component_ref idref="oc-28e"/>
      </symbol>
      <symbol id="sm-85c">
         <name>_sqrt</name>
         <value>0xa6ee</value>
         <object_component_ref idref="oc-28e"/>
      </symbol>
      <symbol id="sm-881">
         <name>_atan</name>
         <value>0xa209</value>
         <object_component_ref idref="oc-273"/>
      </symbol>
      <symbol id="sm-882">
         <name>_atanf</name>
         <value>0xa209</value>
         <object_component_ref idref="oc-273"/>
      </symbol>
      <symbol id="sm-892">
         <name>_round</name>
         <value>0xa6b5</value>
         <object_component_ref idref="oc-27f"/>
      </symbol>
      <symbol id="sm-893">
         <name>_roundf</name>
         <value>0xa6b5</value>
         <object_component_ref idref="oc-27f"/>
      </symbol>
      <symbol id="sm-8ab">
         <name>_scalbn</name>
         <value>0xa57d</value>
         <object_component_ref idref="oc-292"/>
      </symbol>
      <symbol id="sm-8ac">
         <name>_ldexp</name>
         <value>0xa57d</value>
         <object_component_ref idref="oc-292"/>
      </symbol>
      <symbol id="sm-8ad">
         <name>_scalbnf</name>
         <value>0xa57d</value>
         <object_component_ref idref="oc-292"/>
      </symbol>
      <symbol id="sm-8ae">
         <name>_ldexpf</name>
         <value>0xa57d</value>
         <object_component_ref idref="oc-292"/>
      </symbol>
      <symbol id="sm-8bb">
         <name>_sin</name>
         <value>0xa524</value>
         <object_component_ref idref="oc-28b"/>
      </symbol>
      <symbol id="sm-8bc">
         <name>_sinf</name>
         <value>0xa524</value>
         <object_component_ref idref="oc-28b"/>
      </symbol>
      <symbol id="sm-8c8">
         <name>_copysignf</name>
         <value>0xb7ef</value>
         <object_component_ref idref="oc-294"/>
      </symbol>
      <symbol id="sm-8c9">
         <name>_copysign</name>
         <value>0xb7ef</value>
         <object_component_ref idref="oc-294"/>
      </symbol>
      <symbol id="sm-8e4">
         <name>_c_int00</name>
         <value>0xa5d5</value>
         <object_component_ref idref="oc-8f"/>
      </symbol>
      <symbol id="sm-8e5">
         <name>__stack</name>
         <value>0x400</value>
         <object_component_ref idref="oc-211"/>
      </symbol>
      <symbol id="sm-8f6">
         <name>FS$$DIV</name>
         <value>0xa368</value>
         <object_component_ref idref="oc-217"/>
      </symbol>
      <symbol id="sm-902">
         <name>LL$$AND</name>
         <value>0x9fe8</value>
         <object_component_ref idref="oc-21c"/>
      </symbol>
      <symbol id="sm-903">
         <name>LL$$OR</name>
         <value>0x9ff0</value>
         <object_component_ref idref="oc-21c"/>
      </symbol>
      <symbol id="sm-904">
         <name>LL$$XOR</name>
         <value>0x9ff8</value>
         <object_component_ref idref="oc-21c"/>
      </symbol>
      <symbol id="sm-913">
         <name>_copy_in</name>
         <value>0xa715</value>
         <object_component_ref idref="oc-25e"/>
      </symbol>
      <symbol id="sm-924">
         <name>_memcpy</name>
         <value>0xa739</value>
         <object_component_ref idref="oc-270"/>
      </symbol>
      <symbol id="sm-930">
         <name>__system_pre_init</name>
         <value>0x87fe</value>
         <object_component_ref idref="oc-25d"/>
      </symbol>
      <symbol id="sm-93d">
         <name>__system_post_cinit</name>
         <value>0x8ff8</value>
         <object_component_ref idref="oc-25f"/>
      </symbol>
      <symbol id="sm-951">
         <name>C$$EXIT</name>
         <value>0x97cf</value>
         <object_component_ref idref="oc-261"/>
      </symbol>
      <symbol id="sm-952">
         <name>_exit</name>
         <value>0x97d1</value>
         <object_component_ref idref="oc-261"/>
      </symbol>
      <symbol id="sm-953">
         <name>___TI_cleanup_ptr</name>
         <value>0xc2f8</value>
         <object_component_ref idref="oc-237"/>
      </symbol>
      <symbol id="sm-954">
         <name>___TI_enable_exit_profile_output</name>
         <value>0xc2f6</value>
         <object_component_ref idref="oc-237"/>
      </symbol>
      <symbol id="sm-955">
         <name>_abort</name>
         <value>0x97cf</value>
         <object_component_ref idref="oc-261"/>
      </symbol>
      <symbol id="sm-956">
         <name>___TI_dtors_ptr</name>
         <value>0xc2fa</value>
         <object_component_ref idref="oc-237"/>
      </symbol>
      <symbol id="sm-96a">
         <name>__unlock</name>
         <value>0xc312</value>
         <object_component_ref idref="oc-28d"/>
      </symbol>
      <symbol id="sm-96b">
         <name>__lock</name>
         <value>0xc310</value>
         <object_component_ref idref="oc-271"/>
      </symbol>
      <symbol id="sm-96c">
         <name>__register_lock</name>
         <value>0x87ef</value>
         <object_component_ref idref="oc-281"/>
      </symbol>
      <symbol id="sm-96d">
         <name>__nop</name>
         <value>0x87f3</value>
         <object_component_ref idref="oc-281"/>
      </symbol>
      <symbol id="sm-96e">
         <name>__register_unlock</name>
         <value>0x87eb</value>
         <object_component_ref idref="oc-281"/>
      </symbol>
      <symbol id="sm-97d">
         <name>__args_main</name>
         <value>0xa756</value>
         <object_component_ref idref="oc-260"/>
      </symbol>
      <symbol id="sm-9ce">
         <name>__sys_memory</name>
         <value>0xd000</value>
         <object_component_ref idref="oc-249"/>
      </symbol>
      <symbol id="sm-9cf">
         <name>___TI_heap_total_available</name>
         <value>0x87af</value>
         <object_component_ref idref="oc-289"/>
      </symbol>
      <symbol id="sm-9d0">
         <name>_realloc</name>
         <value>0x8677</value>
         <object_component_ref idref="oc-289"/>
      </symbol>
      <symbol id="sm-9d1">
         <name>___TI_heap_check</name>
         <value>0x87e9</value>
         <object_component_ref idref="oc-289"/>
      </symbol>
      <symbol id="sm-9d2">
         <name>_free</name>
         <value>0x85b0</value>
         <object_component_ref idref="oc-289"/>
      </symbol>
      <symbol id="sm-9d3">
         <name>_memalign</name>
         <value>0x871a</value>
         <object_component_ref idref="oc-289"/>
      </symbol>
      <symbol id="sm-9d4">
         <name>_calloc</name>
         <value>0x86f3</value>
         <object_component_ref idref="oc-289"/>
      </symbol>
      <symbol id="sm-9d5">
         <name>_malloc</name>
         <value>0x8585</value>
         <object_component_ref idref="oc-289"/>
      </symbol>
      <symbol id="sm-9d6">
         <name>_aligned_alloc</name>
         <value>0x871a</value>
         <object_component_ref idref="oc-289"/>
      </symbol>
      <symbol id="sm-9d7">
         <name>_minit</name>
         <value>0x86ef</value>
         <object_component_ref idref="oc-289"/>
      </symbol>
      <symbol id="sm-9d8">
         <name>___TI_heap_largest_available</name>
         <value>0x87cc</value>
         <object_component_ref idref="oc-289"/>
      </symbol>
      <symbol id="sm-9e6">
         <name>_memset</name>
         <value>0x87f4</value>
         <object_component_ref idref="oc-293"/>
      </symbol>
      <symbol id="sm-9f0">
         <name>_errno</name>
         <value>0xc315</value>
         <object_component_ref idref="oc-255"/>
      </symbol>
      <symbol id="sm-a06">
         <name>_floorf</name>
         <value>0xa4cb</value>
         <object_component_ref idref="oc-28c"/>
      </symbol>
      <symbol id="sm-a07">
         <name>_floor</name>
         <value>0xa4cb</value>
         <object_component_ref idref="oc-28c"/>
      </symbol>
   </symbol_table>
   <title>Link successful</title>
</link_info>
